[INFO] Scanning for projects...
[INFO] 
[INFO] -----------------------< com.grupo1:vulcano-api >-----------------------
[INFO] Building vulcano-api 0.0.1-SNAPSHOT
[INFO]   from pom.xml
[INFO] --------------------------------[ jar ]---------------------------------
[INFO] 
[INFO] --- resources:3.3.1:resources (default-resources) @ vulcano-api ---
[INFO] Copying 3 resources from src\main\resources to target\classes
[INFO] Copying 0 resource from src\main\resources to target\classes
[INFO] 
[INFO] --- compiler:3.14.1:compile (default-compile) @ vulcano-api ---
[INFO] Nothing to compile - all classes are up to date.
[INFO] ------------------------------------------------------------------------
[INFO] BUILD SUCCESS
[INFO] ------------------------------------------------------------------------
[INFO] Total time:  1.160 s
[INFO] Finished at: 2026-02-23T08:49:33-05:00
[INFO] ------------------------------------------------------------------------
